
> trade-on-my-behalf@0.1.0 build /tmp/terading-evidence12/source
> pnpm -r build

Scope: 3 of 4 workspace projects
packages/sdk build$ tsc -p tsconfig.json
packages/sdk build: Done
packages/agent build$ tsc -p tsconfig.json
packages/agent build: Done
apps/dashboard build$ next build
apps/dashboard build: ⚠ No build cache found. Please configure build caching for faster rebuilds. Read more: https://nextjs.org/docs/messages/no-cache
apps/dashboard build:    ▲ Next.js 15.5.26
apps/dashboard build:    Creating an optimized production build ...
apps/dashboard build:  ✓ Compiled successfully in 9.2s
apps/dashboard build:    Linting and checking validity of types ...
apps/dashboard build:    Collecting page data ...
apps/dashboard build:    Generating static pages (0/4) ...
apps/dashboard build:    Generating static pages (1/4) 
apps/dashboard build:    Generating static pages (2/4) 
apps/dashboard build:    Generating static pages (3/4) 
apps/dashboard build:  ✓ Generating static pages (4/4)
apps/dashboard build:    Finalizing page optimization ...
apps/dashboard build:    Collecting build traces ...
apps/dashboard build: Route (app)                                 Size  First Load JS
apps/dashboard build: ┌ ○ /                                    14.9 kB         248 kB
apps/dashboard build: ├ ○ /_not-found                            988 B         104 kB
apps/dashboard build: └ ƒ /api/positions                         120 B         103 kB
apps/dashboard build: + First Load JS shared by all             103 kB
apps/dashboard build:   ├ chunks/4a55b781-0852937994a8208a.js  54.2 kB
apps/dashboard build:   ├ chunks/539-51c87c14e7cad186.js       46.4 kB
apps/dashboard build:   └ other shared chunks (total)          1.96 kB
apps/dashboard build: ○  (Static)   prerendered as static content
apps/dashboard build: ƒ  (Dynamic)  server-rendered on demand
apps/dashboard build: Done
