Scope: all 4 workspace projects
Lockfile is up to date, resolution step is skipped
Progress: resolved 1, reused 0, downloaded 0, added 0
Packages: +390
++++++++++++++++++++++++++++++++++++++++++++++++++++++++++++++++++++++++++++++++
Progress: resolved 390, reused 0, downloaded 29, added 27
Progress: resolved 390, reused 0, downloaded 67, added 67
Progress: resolved 390, reused 0, downloaded 88, added 88
Progress: resolved 390, reused 0, downloaded 110, added 110
Progress: resolved 390, reused 0, downloaded 193, added 184
Progress: resolved 390, reused 0, downloaded 290, added 290
Progress: resolved 390, reused 0, downloaded 342, added 339
Progress: resolved 390, reused 0, downloaded 351, added 347
Progress: resolved 390, reused 0, downloaded 363, added 353
Progress: resolved 390, reused 0, downloaded 368, added 360
Progress: resolved 390, reused 0, downloaded 369, added 360
Progress: resolved 390, reused 0, downloaded 386, added 373
Progress: resolved 390, reused 0, downloaded 390, added 385
Progress: resolved 390, reused 0, downloaded 390, added 390, done
.../esbuild@0.28.2/node_modules/esbuild postinstall$ node install.js
.../node_modules/bufferutil install$ node-gyp-build
.../node_modules/utf-8-validate install$ node-gyp-build
.../esbuild@0.28.2/node_modules/esbuild postinstall: Done
.../node_modules/utf-8-validate install: Done
.../node_modules/bufferutil install: Done
 WARN  Failed to create bin at /tmp/terading-evidence12/source/apps/dashboard/node_modules/.bin/tomb. ENOENT: no such file or directory, open '/tmp/terading-evidence12/source/packages/agent/dist/cli.js'

 WARN  Failed to create bin at /tmp/terading-evidence12/source/apps/dashboard/node_modules/.bin/tomb. ENOENT: no such file or directory, open '/tmp/terading-evidence12/source/apps/dashboard/node_modules/@trade-on-my-behalf/agent/dist/cli.js'
Done in 15.7s
